test
12345678
=-=-=-=-=-=


jkl;
